
==================================== ERRORS ====================================
____________________ ERROR collecting tests/test_inputs.py _____________________
ImportError while importing test module '/Users/sheikki/Documents/src/deviant-daily/tests/test_inputs.py'.
Hint: make sure your test modules/packages have valid Python names.
Traceback:
/usr/local/Cellar/python@3.14/3.14.6/Frameworks/Python.framework/Versions/3.14/lib/python3.14/importlib/__init__.py:88: in import_module
    return _bootstrap._gcd_import(name[level:], package, level)
           ^^^^^^^^^^^^^^^^^^^^^^^^^^^^^^^^^^^^^^^^^^^^^^^^^^^^
tests/test_inputs.py:11: in <module>
    from tools.inputs import parse_date, parse_flag, parse_model, parse_slot
E   ModuleNotFoundError: No module named 'tools.inputs'
_____________________ ERROR collecting tests/test_slots.py _____________________
ImportError while importing test module '/Users/sheikki/Documents/src/deviant-daily/tests/test_slots.py'.
Hint: make sure your test modules/packages have valid Python names.
Traceback:
/usr/local/Cellar/python@3.14/3.14.6/Frameworks/Python.framework/Versions/3.14/lib/python3.14/importlib/__init__.py:88: in import_module
    return _bootstrap._gcd_import(name[level:], package, level)
           ^^^^^^^^^^^^^^^^^^^^^^^^^^^^^^^^^^^^^^^^^^^^^^^^^^^^
tests/test_slots.py:14: in <module>
    from tools.ledger import entry_for_slot, latest_slot, read_ledger
E   ImportError: cannot import name 'entry_for_slot' from 'tools.ledger' (/Users/sheikki/Documents/src/deviant-daily/tools/ledger.py)
=========================== short test summary info ============================
ERROR tests/test_inputs.py
ERROR tests/test_slots.py
!!!!!!!!!!!!!!!!!!! Interrupted: 2 errors during collection !!!!!!!!!!!!!!!!!!!!
